// Jest Snapshot v1, https://goo.gl/fbAQLP

exports[`Component - Wallet renders without crashing 1`] = `[Function]`;
